["taskList",[[["ifThen",["cond1",["task1",[]]]],["ifThen",["cond2",["task2",[]]]]]]]
