["repeatUntil",[["dig",["r0,-1,0"]],"at r0,-5,0"]]
