["taskList",[[["move to",["nearest reachable position nearest block log"]],["dig",["nearest block log"]]]]]
