["ifThenElse",["condition",["task1",[]],["task2",[]]]]
