["taskList",[[["move to",["entity nearest reachable object *"]],["jump",[]]]]]
