["taskList",[[["move to",["r0,0,1"]],["move to",["nearest reachable position r0,0,1"]]]]]
