["taskList",[[["move to",["entity nearest reachable object *"]],["equip",["hand","egg"]],["activate item",[]]]]]
