["taskList",[[["dig",["r-1,0,0"]],["dig",["r0,0,-1"]],["dig",["r1,0,0"]],["dig",["r0,0,1"]],["dig",["r1,0,1"]],["dig",["r-1,0,-1"]],["dig",["r-1,0,1"]],["dig",["r1,0,-1"]],["dig",["r-1,1,0"]],["dig",["r0,1,-1"]],["dig",["r1,1,0"]],["dig",["r0,1,1"]],["dig",["r1,1,1"]],["dig",["r-1,1,-1"]],["dig",["r-1,1,1"]],["dig",["r1,1,-1"]],["dig",["r-1,2,0"]],["dig",["r0,2,-1"]],["dig",["r1,2,0"]],["dig",["r0,2,1"]],["dig",["r1,2,1"]],["dig",["r-1,2,-1"]],["dig",["r-1,2,1"]],["dig",["r1,2,-1"]],["dig",["r0,2,0"]]]]]
