["repeat",[["taskList",[[["repeatUntil",[["taskList",[[["ifThenElse",["cond1",["task1",[]],["task2",[]]]],["task2",[]]]]],"cond2"]],["ifThen",["cond3",["stopRepeat",[["task4",[]]]]]]]]]]]
