["taskList",[[["move to",["nearest reachable object *"]],["jump",[]]]]]
